2025-03-26 13:43:56.3526 | INFO | Launching Practo homepage...
2025-03-26 13:58:42.0341 | INFO | Navigating to hospital search page...
2025-03-26 13:58:44.7853 | INFO | Scrolling through hospital results...
2025-03-26 13:58:48.9747 | INFO | Filtering hospitals with rating ≥ 4.5 and Open 24x7...
2025-03-26 13:58:49.0064 | INFO | Found 0 hospitals:
2025-03-26 14:10:05.0527 | INFO | Navigating to homepage...
2025-03-26 14:10:58.8382 | INFO | Navigating to homepage...
2025-03-26 14:11:58.7756 | INFO | Navigating to homepage...
2025-03-26 14:18:08.6163 | INFO | Navigating to homepage...
2025-03-26 14:25:20.1578 | INFO | Navigating to homepage...
2025-03-26 14:25:50.6789 | INFO | Navigating to homepage...
2025-03-26 14:33:24.2515 | INFO | Navigating to homepage...
2025-03-26 14:37:06.7259 | INFO | Navigating to homepage...
2025-03-26 14:38:49.1417 | INFO | Navigating to homepage...
2025-03-26 14:40:27.5622 | INFO | Navigating to homepage...
2025-03-26 14:45:20.3761 | INFO | Navigating to homepage...
2025-03-26 14:46:02.4339 | INFO | Navigating to homepage...
2025-03-26 14:46:37.6390 | INFO | Navigating to homepage...
2025-03-26 15:04:11.7219 | INFO | Navigating to homepage...
2025-03-26 15:10:42.6707 | INFO | Navigating to homepage...
2025-03-26 15:19:02.9892 | INFO | Navigating to homepage...
2025-03-26 15:19:12.0603 | INFO | Scrolling through hospital results...
2025-03-26 15:19:16.1430 | INFO | Filtering hospitals with rating ≥ 4.5 and Open 24x7...
2025-03-26 15:19:16.1582 | INFO | Found 0 hospitals:
2025-03-26 15:19:33.0740 | INFO | Navigating to homepage...
2025-03-26 15:19:41.6452 | INFO | Scrolling through hospital results...
2025-03-26 16:00:08.0041 | INFO | Navigating to homepage...
2025-03-26 16:05:46.3948 | INFO | Navigating to homepage...
2025-03-26 16:05:52.0360 | INFO | Scrolling through hospital results...
2025-03-26 16:05:56.1346 | INFO | Filtering hospitals with rating ≥ 4.5 and Open 24x7...
2025-03-26 16:05:56.1635 | INFO | Found 0 hospitals:
2025-03-26 16:11:14.6806 | INFO | Navigating to homepage...
2025-03-26 16:11:22.8471 | INFO | Scrolling through hospital results...
2025-03-26 16:11:26.9347 | INFO | Filtering hospitals with rating ≥ 4.5 and Open 24x7...
2025-03-26 16:11:26.9347 | INFO | Found 0 hospitals:
2025-03-26 16:11:49.7742 | INFO | Navigating to homepage...
2025-03-26 16:11:57.4740 | INFO | Scrolling through hospital results...
2025-03-26 16:12:01.5612 | INFO | Filtering hospitals with rating ≥ 4.5 and Open 24x7...
2025-03-26 16:12:01.5612 | INFO | Found 0 hospitals:
2025-03-26 16:18:42.1012 | INFO | Navigating to homepage...
2025-03-26 16:18:51.7617 | INFO | Scrolling through hospital results...
2025-03-26 16:19:32.9193 | INFO | Navigating to homepage...
2025-03-26 16:19:43.0653 | INFO | Scrolling through hospital results...
2025-03-26 16:19:47.1452 | INFO | Filtering hospitals with rating ≥ 4.5 and Open 24x7...
2025-03-26 16:19:47.1527 | INFO | Found 0 hospitals:
2025-03-26 16:26:25.0289 | INFO | Navigating to homepage...
2025-03-26 16:26:34.4240 | INFO | Scrolling through hospital results...
2025-03-26 16:26:38.5032 | INFO | Filtering hospitals with rating ≥ 4.5 and Open 24x7...
2025-03-26 16:26:38.5032 | INFO | Found 0 hospitals:
2025-03-26 16:28:06.8925 | INFO | Navigating to homepage...
2025-03-26 16:28:16.0015 | INFO | Scrolling through hospital results...
2025-03-26 16:28:20.0951 | INFO | Filtering hospitals with rating ≥ 4.5 and Open 24x7...
2025-03-26 16:28:20.0951 | INFO | Found 0 hospitals:
2025-03-26 16:30:07.5766 | INFO | Navigating to homepage...
2025-03-26 16:33:00.5093 | INFO | Navigating to homepage...
2025-03-26 16:35:45.0654 | INFO | Navigating to homepage...
2025-03-26 16:40:33.5709 | INFO | Navigating to homepage...
2025-03-26 16:40:54.9664 | INFO | Navigating to homepage...
2025-03-26 16:41:03.9505 | INFO | Scrolling through hospital results...
2025-03-26 16:41:08.0382 | INFO | Filtering hospitals with rating ≥ 4.5 and Open 24x7...
2025-03-26 16:41:08.0495 | INFO | Found 0 hospitals:
2025-03-26 16:41:33.9260 | INFO | Navigating to homepage...
2025-03-26 16:41:43.1240 | INFO | Scrolling through hospital results...
2025-03-26 16:41:47.2282 | INFO | Filtering hospitals with rating ≥ 4.5 and Open 24x7...
2025-03-26 16:41:47.2369 | INFO | Found 0 hospitals:
2025-03-26 16:45:04.2678 | INFO | Navigating to homepage...
2025-03-26 16:55:09.5881 | INFO | Navigating to homepage...
2025-03-26 16:57:17.2133 | INFO | Navigating to homepage...
2025-03-26 17:01:17.6066 | INFO | Navigating to homepage...
2025-03-26 17:06:43.5419 | INFO | Navigating to homepage...
2025-03-26 17:07:06.0077 | INFO | Navigating to homepage...
2025-03-26 17:07:29.4806 | INFO | Navigating to homepage...
2025-03-26 17:09:34.0517 | INFO | Navigating to homepage...
2025-03-26 17:10:01.7230 | INFO | Navigating to homepage...
2025-03-26 17:12:05.4383 | INFO | Navigating to homepage...
2025-03-26 17:12:16.3978 | INFO | Scrolling through hospital results...
2025-03-26 17:12:18.4403 | INFO | Filtering hospitals with rating ≥ 4.5 and Open 24x7...
2025-03-26 17:12:18.4501 | INFO | Found 0 hospitals:
2025-03-26 17:12:37.9740 | INFO | Navigating to homepage...
2025-03-26 17:12:47.4094 | INFO | Scrolling through hospital results...
2025-03-26 17:12:49.4850 | INFO | Filtering hospitals with rating ≥ 4.5 and Open 24x7...
2025-03-26 17:12:49.4990 | INFO | Found 0 hospitals:
2025-03-26 17:19:15.5497 | INFO | Navigating to homepage...
2025-03-26 17:19:29.3208 | INFO | Scrolling through hospital results...
2025-03-26 17:19:31.3676 | INFO | Filtering hospitals with rating ≥ 4.5 and Open 24x7...
2025-03-26 17:19:31.3771 | INFO | Found 0 hospitals:
2025-03-26 17:29:04.0423 | INFO | Navigating to homepage...
2025-03-26 17:29:17.8290 | INFO | Scrolling through hospital results...
2025-03-26 17:29:19.8772 | INFO | Filtering hospitals with rating ≥ 4.5 and Open 24x7...
2025-03-26 17:29:19.8772 | INFO | Found 0 hospitals:
2025-03-26 17:30:20.1005 | INFO | Navigating to homepage...
2025-03-26 17:30:33.3777 | INFO | Scrolling through hospital results...
2025-03-26 17:30:39.4511 | INFO | Filtering hospitals with rating ≥ 4.5 and Open 24x7...
2025-03-26 17:30:39.4511 | INFO | Found 0 hospitals:
2025-03-26 17:37:55.1855 | INFO | Navigating to homepage...
2025-03-26 17:38:05.8370 | INFO | Scrolling through hospital results...
2025-03-26 17:38:19.4684 | INFO | Navigating to homepage...
2025-03-26 17:38:30.3700 | INFO | Scrolling through hospital results...
2025-03-26 17:38:41.4491 | INFO | Filtering hospitals with rating ≥ 4.5 and Open 24x7...
2025-03-26 17:38:41.4491 | INFO | Found 0 hospitals:
2025-03-26 17:38:53.1382 | INFO | Navigating to homepage...
2025-03-26 17:39:03.5149 | INFO | Scrolling through hospital results...
2025-03-26 17:39:09.6190 | INFO | Filtering hospitals with rating ≥ 4.5 and Open 24x7...
2025-03-26 17:39:09.6275 | INFO | Found 0 hospitals:
2025-03-26 17:45:04.1249 | INFO | Navigating to homepage...
2025-03-26 17:45:10.0943 | INFO | 🧹 Closing browser after scenario...
2025-03-26 17:47:59.1731 | INFO | Navigating to homepage...
2025-03-26 17:48:11.1519 | INFO | Scrolling through hospital results...
2025-03-26 17:48:17.2213 | INFO | Filtering hospitals with rating ≥ 4.5 and Open 24x7...
2025-03-26 17:48:17.2213 | INFO | Found 0 hospitals:
2025-03-26 17:48:17.2793 | ERROR | ❌ Test failed:   No matching hospitals were found.
Assert.That(hospitalResults.Count, Is.GreaterThan(0))
  Expected: greater than 0
  But was:  0

2025-03-26 17:48:17.2793 | INFO | 🧹 Closing browser after scenario...
2025-03-26 17:50:03.8013 | INFO | Navigating to homepage...
2025-03-26 17:50:16.9338 | INFO | Scrolling through hospital results...
2025-03-26 17:50:23.0126 | INFO | Filtering hospitals with rating ≥ 4.5 and Open 24x7...
2025-03-26 17:50:23.0126 | INFO | Found 0 hospitals:
2025-03-26 17:50:23.0524 | ERROR | ❌ Test failed:   No matching hospitals were found.
Assert.That(hospitalResults.Count, Is.GreaterThan(0))
  Expected: greater than 0
  But was:  0

2025-03-26 17:50:23.0524 | INFO | 🧹 Closing browser after scenario...
2025-03-26 18:06:17.7386 | INFO | Navigating to homepage...
2025-03-26 18:06:33.1403 | INFO | Scrolling through hospital results...
2025-03-26 18:06:39.2707 | INFO | Filtering hospitals with rating ≥ 4.5 and Open 24x7...
2025-03-26 18:06:39.2781 | INFO | Found 0 hospitals:
2025-03-26 18:06:39.3214 | ERROR | ❌ Test failed:   No matching hospitals were found.
Assert.That(hospitalResults.Count, Is.GreaterThan(0))
  Expected: greater than 0
  But was:  0

2025-03-26 18:06:39.3214 | INFO | 🧹 Closing browser after scenario...
2025-03-26 18:09:48.2612 | INFO | Navigating to homepage...
2025-03-26 18:10:01.9243 | INFO | Scrolling through hospital results...
2025-03-26 18:10:08.0202 | INFO | Filtering hospitals with rating ≥ 4.5 and Open 24x7...
2025-03-26 18:10:08.0291 | INFO | Found 0 hospitals:
2025-03-26 18:10:08.0683 | ERROR | ❌ Test failed:   No matching hospitals were found.
Assert.That(hospitalResults.Count, Is.GreaterThan(0))
  Expected: greater than 0
  But was:  0

2025-03-26 18:10:08.0683 | INFO | 🧹 Closing browser after scenario...
2025-03-26 18:20:31.5193 | INFO | Navigating to homepage...
2025-03-26 18:20:45.6652 | INFO | Scrolling through hospital results...
2025-03-26 18:20:51.7580 | INFO | Filtering hospitals with rating ≥ 4.5 and Open 24x7...
2025-03-26 18:20:51.7668 | INFO | Found 0 hospitals:
2025-03-26 18:20:51.8055 | ERROR | ❌ Test failed:   No matching hospitals were found.
Assert.That(hospitalResults.Count, Is.GreaterThan(0))
  Expected: greater than 0
  But was:  0

2025-03-26 18:20:51.8055 | INFO | 🧹 Closing browser after scenario...
2025-03-26 18:21:09.5079 | INFO | Navigating to homepage...
2025-03-26 18:21:22.6326 | INFO | Scrolling through hospital results...
2025-03-26 18:21:26.7314 | ERROR | ❌ Test failed: no such window: target window already closed
from unknown error: web view not found
  (Session info: chrome=131.0.6778.205)
2025-03-26 18:21:26.7314 | INFO | 🧹 Closing browser after scenario...
2025-03-26 18:35:16.6592 | INFO | 🧹 Closing browser after scenario...
2025-03-26 18:35:18.8440 | INFO | Navigating to homepage...
2025-03-26 18:35:18.8549 | ERROR | ❌ Test failed: Cannot access a disposed object.
Object name: 'System.Net.Http.HttpClient'.
2025-03-26 18:35:18.8549 | INFO | 🧹 Closing browser after scenario...
2025-03-26 18:36:45.2292 | INFO | 🧹 Closing browser after scenario...
2025-03-26 18:36:46.7003 | INFO | Navigating to homepage...
2025-03-26 18:36:46.7003 | ERROR | ❌ Test failed: Cannot access a disposed object.
Object name: 'System.Net.Http.HttpClient'.
2025-03-26 18:36:46.7003 | INFO | 🧹 Closing browser after scenario...
2025-03-26 18:44:53.6294 | INFO | 🧹 Closing browser after scenario...
2025-03-26 18:45:00.7811 | INFO | Navigating to homepage...
2025-03-26 18:45:11.9171 | INFO | Verifying that hospital results have loaded...
2025-03-26 18:45:27.3387 | INFO | Navigating to homepage...
2025-03-26 18:45:32.5802 | ERROR | ❌ Test failed: No suggestion marked as type 'TYPE' was found.
2025-03-26 18:45:32.5802 | INFO | 🧹 Closing browser after scenario...
2025-03-26 18:45:44.6154 | INFO | Navigating to homepage...
2025-03-26 18:45:58.5026 | INFO | Verifying that hospital results have loaded...
2025-03-26 18:46:00.5538 | ERROR | ❌ Test failed:   Search results did not load correctly.
Assert.That(resultsVisible, Is.True)
  Expected: True
  But was:  False

2025-03-26 18:46:00.5538 | INFO | 🧹 Closing browser after scenario...
2025-03-26 18:50:20.6606 | INFO | Navigating to homepage...
2025-03-26 18:50:35.5980 | INFO | Verifying that hospital results have loaded...
2025-03-26 18:50:35.6368 | INFO | 🧹 Closing browser after scenario...
2025-03-26 18:57:51.6326 | INFO | Navigating to homepage...
2025-03-26 18:58:05.1287 | INFO | Verifying that hospital results have loaded...
2025-03-26 18:58:05.1721 | INFO | 🧹 Closing browser after scenario...
2025-03-26 18:58:07.6922 | INFO | 🧹 Closing browser after scenario...
2025-03-26 18:58:13.2244 | ERROR | ❌ Test failed: Could not find file 'C:\Users\2391612\OneDrive - Cognizant\Desktop\Training\FindingHospitalsAutomation\FindingHospitalsAutomation\bin\Debug\net8.0\hospitalSearch.json'.
2025-03-26 18:58:13.2244 | INFO | 🧹 Closing browser after scenario...
2025-03-26 18:58:20.1348 | ERROR | ❌ Test failed: Could not find file 'C:\Users\2391612\OneDrive - Cognizant\Desktop\Training\FindingHospitalsAutomation\FindingHospitalsAutomation\bin\Debug\net8.0\hospitalSearch.json'.
2025-03-26 18:58:20.1348 | INFO | 🧹 Closing browser after scenario...
2025-03-26 19:00:35.0641 | INFO | Navigating to: https://www.practo.com/search/hospitals?results_type=hospital&q=[{"word":"hospital","autocompleted":true,"category":"type"}]&city=Bangalore
2025-03-26 19:00:40.8621 | INFO | Scrolling through hospital results...
2025-03-26 19:01:01.2865 | INFO | Filtering hospitals with rating ≥ 4.5 and Open 24x7...
2025-03-26 19:01:01.3004 | INFO | Found 0 hospitals:
2025-03-26 19:01:01.3355 | ERROR | ❌ Test failed:   No matching hospitals were found.
Assert.That(hospitalResults.Count, Is.GreaterThan(0))
  Expected: greater than 0
  But was:  0

2025-03-26 19:01:01.3355 | INFO | 🧹 Closing browser after scenario...
2025-03-26 19:01:09.5174 | ERROR | ❌ Test failed:   No matching hospitals were found.
Assert.That(hospitalResults.Count, Is.GreaterThan(0))
  Expected: greater than 0
  But was:  0

2025-03-26 19:01:09.5174 | INFO | 🧹 Closing browser after scenario...
