2025-03-27 09:24:46.9192 | INFO | Navigating to homepage...
2025-03-27 09:25:03.2306 | INFO | Verifying that hospital results have loaded...
2025-03-27 09:25:03.3970 | INFO | 🧹 Closing browser after scenario...
2025-03-27 09:25:08.4568 | INFO | 🧹 Closing browser after scenario...
2025-03-27 09:25:16.8177 | INFO | Navigating to: https://www.practo.com/search/hospitals?results_type=hospital&q=[{"word":"hospital","autocompleted":true,"category":"type"}]&city=Bangalore
2025-03-27 09:25:25.1474 | INFO | Scrolling through hospital results...
2025-03-27 09:25:46.5509 | INFO | Filtering hospitals with rating ≥ 4.5 and Open 24x7...
2025-03-27 09:25:46.5661 | INFO | Found 0 hospitals:
2025-03-27 09:25:46.6234 | ERROR | ❌ Test failed:   No matching hospitals were found.
Assert.That(hospitalResults.Count, Is.GreaterThan(0))
  Expected: greater than 0
  But was:  0

2025-03-27 09:25:46.6234 | INFO | 🧹 Closing browser after scenario...
2025-03-27 09:26:00.3966 | ERROR | ❌ Test failed:   No matching hospitals were found.
Assert.That(hospitalResults.Count, Is.GreaterThan(0))
  Expected: greater than 0
  But was:  0

2025-03-27 09:26:00.3966 | INFO | 🧹 Closing browser after scenario...
2025-03-27 10:10:42.9424 | INFO | Navigating to homepage...
2025-03-27 10:10:55.9026 | INFO | Verifying that hospital results have loaded...
2025-03-27 10:10:55.9548 | INFO | 🧹 Closing browser after scenario...
2025-03-27 10:10:59.1526 | INFO | 🧹 Closing browser after scenario...
2025-03-27 10:11:05.1488 | INFO | Navigating to: https://www.practo.com/search/hospitals?results_type=hospital&q=[{"word":"hospital","autocompleted":true,"category":"type"}]&city=Bangalore
2025-03-27 10:11:10.1449 | INFO | 🧹 Closing browser after scenario...
2025-03-27 10:11:17.6977 | INFO | 🧹 Closing browser after scenario...
2025-03-27 10:15:52.6763 | INFO | Navigating to: https://www.practo.com/search/hospitals?results_type=hospital&q=[{"word":"hospital","autocompleted":true,"category":"type"}]&city=Bangalore
2025-03-27 10:16:43.6039 | INFO | Navigating to homepage...
2025-03-27 10:16:58.5957 | INFO | Verifying that hospital results have loaded...
2025-03-27 10:16:58.6352 | INFO | 🧹 Closing browser after scenario...
2025-03-27 10:17:01.5573 | INFO | 🧹 Closing browser after scenario...
2025-03-27 10:17:07.0610 | INFO | Navigating to: https://www.practo.com/search/hospitals?results_type=hospital&q=[{"word":"hospital","autocompleted":true,"category":"type"}]&city=Bangalore
2025-03-27 10:17:19.0732 | ERROR | ❌ Test failed: no such window: target window already closed
from unknown error: web view not found
  (Session info: chrome=131.0.6778.205)
2025-03-27 10:17:19.0732 | INFO | 🧹 Closing browser after scenario...
2025-03-27 10:22:25.8398 | INFO | Navigating to: https://www.practo.com/search/hospitals?results_type=hospital&q=[{"word":"hospital","autocompleted":true,"category":"type"}]&city=Bangalore
2025-03-27 10:27:34.6501 | INFO | Navigating to: https://www.practo.com/search/hospitals?results_type=hospital&q=[{"word":"hospital","autocompleted":true,"category":"type"}]&city=Bangalore
2025-03-27 10:34:28.7402 | INFO | Navigating to: https://www.practo.com/search/hospitals?results_type=hospital&q=[{"word":"hospital","autocompleted":true,"category":"type"}]&city=Bangalore
2025-03-27 10:40:40.9258 | INFO | Navigating to: https://www.practo.com/search/hospitals?results_type=hospital&q=[{"word":"hospital","autocompleted":true,"category":"type"}]&city=Bangalore
2025-03-27 10:43:46.7197 | INFO | Navigating to: https://www.practo.com/search/hospitals?results_type=hospital&q=[{"word":"hospital","autocompleted":true,"category":"type"}]&city=Bangalore
2025-03-27 11:00:29.7112 | INFO | Navigating to: https://www.practo.com/search/hospitals?results_type=hospital&q=[{"word":"hospital","autocompleted":true,"category":"type"}]&city=Bangalore
2025-03-27 11:08:00.0586 | INFO | Navigating to: https://www.practo.com/search/hospitals?results_type=hospital&q=[{"word":"hospital","autocompleted":true,"category":"type"}]&city=Bangalore
2025-03-27 11:14:14.5101 | INFO | Navigating to: https://www.practo.com/search/hospitals?results_type=hospital&q=[{"word":"hospital","autocompleted":true,"category":"type"}]&city=Bangalore
2025-03-27 11:19:22.6735 | INFO | Navigating to: https://www.practo.com/search/hospitals?results_type=hospital&q=[{"word":"hospital","autocompleted":true,"category":"type"}]&city=Bangalore
2025-03-27 11:20:38.6260 | INFO | 🧹 Closing browser after scenario...
2025-03-27 11:20:47.1900 | INFO | 🧹 Closing browser after scenario...
2025-03-27 11:29:25.9528 | INFO | Navigating to: https://www.practo.com/search/hospitals?results_type=hospital&q=[{"word":"hospital","autocompleted":true,"category":"type"}]&city=Bangalore
2025-03-27 11:30:40.0739 | INFO | 🧹 Closing browser after scenario...
2025-03-27 11:30:50.2682 | INFO | 🧹 Closing browser after scenario...
2025-03-27 14:01:17.2250 | INFO | Navigating to homepage...
2025-03-27 14:01:23.9237 | ERROR | ❌ Test failed: stale element reference: stale element not found in the current frame
  (Session info: chrome=131.0.6778.205); For documentation on this error, please visit: https://www.selenium.dev/documentation/webdriver/troubleshooting/errors#stale-element-reference-exception
2025-03-27 14:01:23.9237 | INFO | 🧹 Closing browser after scenario...
2025-03-27 14:01:27.5728 | ERROR | ❌ Test failed: stale element reference: stale element not found in the current frame
  (Session info: chrome=131.0.6778.205); For documentation on this error, please visit: https://www.selenium.dev/documentation/webdriver/troubleshooting/errors#stale-element-reference-exception
2025-03-27 14:01:27.5767 | INFO | 🧹 Closing browser after scenario...
2025-03-27 14:01:47.4581 | INFO | Navigating to: https://www.practo.com/search/hospitals?results_type=hospital&q=[{"word":"hospital","autocompleted":true,"category":"type"}]&city=Bangalore
2025-03-27 14:03:08.9771 | INFO | 🧹 Closing browser after scenario...
2025-03-27 14:03:23.8605 | INFO | 🧹 Closing browser after scenario...
2025-03-27 14:07:35.7978 | INFO | Navigating to homepage...
2025-03-27 14:07:50.2281 | INFO | Verifying that hospital results have loaded...
2025-03-27 14:07:50.3639 | INFO | 🧹 Closing browser after scenario...
2025-03-27 14:07:54.6789 | INFO | 🧹 Closing browser after scenario...
2025-03-27 14:08:12.8335 | INFO | Navigating to: https://www.practo.com/search/hospitals?results_type=hospital&q=[{"word":"hospital","autocompleted":true,"category":"type"}]&city=Bangalore
2025-03-27 14:09:35.1824 | INFO | 🧹 Closing browser after scenario...
2025-03-27 14:09:50.3739 | INFO | 🧹 Closing browser after scenario...
2025-03-27 14:29:16.2294 | INFO | Navigating to homepage...
2025-03-27 14:29:32.5259 | INFO | 🧹 Closing browser after scenario...
2025-03-27 14:29:51.0803 | INFO | Navigating to: https://www.practo.com/search/hospitals?results_type=hospital&q=[{"word":"hospital","autocompleted":true,"category":"type"}]&city=Bangalore
2025-03-27 14:31:04.6446 | INFO | 🧹 Closing browser after scenario...
2025-03-27 15:08:04.0538 | INFO | Navigating to homepage...
2025-03-27 15:08:18.0352 | INFO | 🧹 Closing browser after scenario...
2025-03-27 15:08:34.2738 | INFO | Navigating to: https://www.practo.com/search/hospitals?results_type=hospital&q=[{"word":"hospital","autocompleted":true,"category":"type"}]&city=Bangalore
2025-03-27 15:08:42.3104 | ERROR | ❌ Test failed: invalid selector: No selector specified
  (Session info: chrome=134.0.6998.36); For documentation on this error, please visit: https://www.selenium.dev/documentation/webdriver/troubleshooting/errors#invalid-selector-exception
2025-03-27 15:08:42.3104 | INFO | 🧹 Closing browser after scenario...
2025-03-27 15:13:38.6258 | INFO | Navigating to: https://www.practo.com/search/hospitals?results_type=hospital&q=[{"word":"hospital","autocompleted":true,"category":"type"}]&city=Bangalore
2025-03-27 15:50:47.1779 | INFO | Navigating to: https://www.practo.com/search/hospitals?results_type=hospital&q=[{"word":"hospital","autocompleted":true,"category":"type"}]&city=Bangalore
2025-03-27 15:51:55.4145 | INFO | 🧹 Closing browser after scenario...
2025-03-27 15:55:46.0277 | INFO | Navigating to: https://www.practo.com/search/hospitals?results_type=hospital&q=[{"word":"hospital","autocompleted":true,"category":"type"}]&city=Bangalore
2025-03-27 15:56:55.5595 | INFO | 🧹 Closing browser after scenario...
2025-03-27 16:04:24.8619 | INFO | Navigating to homepage...
2025-03-27 16:04:38.6005 | ERROR | ❌ Test failed: Timed out after 10 seconds
2025-03-27 16:04:38.6005 | INFO | 🧹 Closing browser after scenario...
2025-03-27 16:04:52.0689 | INFO | Navigating to: https://www.practo.com/search/hospitals?results_type=hospital&q=[{"word":"hospital","autocompleted":true,"category":"type"}]&city=Bangalore
2025-03-27 16:06:00.0830 | INFO | Navigating to homepage...
2025-03-27 16:06:12.9594 | INFO | 🧹 Closing browser after scenario...
2025-03-27 16:06:32.4539 | INFO | Navigating to homepage...
2025-03-27 16:06:46.4174 | INFO | 🧹 Closing browser after scenario...
2025-03-27 16:07:01.3343 | INFO | Navigating to: https://www.practo.com/search/hospitals?results_type=hospital&q=[{"word":"hospital","autocompleted":true,"category":"type"}]&city=Bangalore
2025-03-27 16:08:06.6269 | INFO | 🧹 Closing browser after scenario...
2025-03-27 17:17:22.5298 | INFO | Navigating to homepage...
2025-03-27 17:17:42.2611 | INFO | 🧹 Closing browser after scenario...
2025-03-27 17:18:03.6486 | INFO | Navigating to: https://www.practo.com/search/hospitals?results_type=hospital&q=[{"word":"hospital","autocompleted":true,"category":"type"}]&city=Bangalore
2025-03-27 17:19:15.6632 | INFO | 🧹 Closing browser after scenario...
